# empty because GAE uses BigTable
# needed because properties are loaded in applicationContext-security.xml